2026-06-18T22:44:45Z state=healthy next=2026-06-19T04:44:45Z
2026-06-18T22:46:36Z state=active next=2026-06-19T00:46:36Z
2026-06-19T08:52:07Z state=active next=2026-06-19T10:52:07Z
2026-06-19T10:59:13Z state=active next=2026-06-19T12:59:13Z
2026-06-19T13:07:31Z state=active next=2026-06-19T15:07:31Z
2026-06-19T15:15:50Z state=active next=2026-06-19T17:15:50Z
2026-06-19T17:24:03Z state=active next=2026-06-19T19:24:03Z
2026-06-19T19:32:34Z state=active next=2026-06-19T21:32:34Z
2026-06-19T21:40:40Z state=active next=2026-06-19T23:40:40Z
2026-06-19T23:48:45Z state=active next=2026-06-20T01:48:45Z
2026-06-20T01:57:00Z state=active next=2026-06-20T03:57:00Z
2026-06-20T04:05:17Z state=active next=2026-06-20T06:05:17Z
2026-06-20T06:13:33Z state=active next=2026-06-20T08:13:33Z2026-06-20T06:30:00Z state=active next=2026-06-20T10:30:00Z

2026-06-20T10:30:04Z state=active next=2026-06-20T12:30:04Z
2026-06-20T12:38:18Z state=active next=2026-06-20T14:38:18Z
2026-06-20T14:46:36Z state=active next=2026-06-20T16:46:36Z
2026-06-20T16:54:49Z state=active next=2026-06-20T18:54:49Z
2026-06-20T19:03:04Z state=active next=2026-06-20T21:03:04Z
2026-06-20T21:11:20Z state=active next=2026-06-20T23:11:20Z
2026-06-20T23:19:33Z state=active next=2026-06-21T01:19:33Z
2026-06-21T01:27:50Z state=active next=2026-06-21T03:27:50Z
2026-06-21T03:36:06Z state=active next=2026-06-21T05:36:06Z
2026-06-21T05:44:22Z state=active next=2026-06-21T07:44:22Z
2026-06-21T07:52:39Z state=active next=2026-06-21T09:52:39Z
2026-06-21T10:00:55Z state=active next=2026-06-21T12:00:55Z
2026-06-21T12:02:56Z M6 sixth piece: scheduler-aware fault recovery (kill_current_task, faultkill command) — OS survives a task's death
2026-06-21T16:09:37Z state=active next=2026-06-21T18:09:37Z
2026-06-21T20:11:06Z state=active next=2026-06-21T22:11:06Z
2026-06-21T22:19:22Z state=active next=2026-06-22T00:19:22Z
2026-06-22T00:27:34Z state=active next=2026-06-22T02:27:34Z
2026-06-22T02:35:51Z state=active next=2026-06-22T04:35:51Z
2026-06-22T04:10:00Z M6 seventh piece: docs/06-scheduler.md (24 KiB milestone doc — TCB, context switch, IPC, blocking IPC, fault recovery, preemption). Verified preempt+faultkill in QEMU.
2026-06-22T08:28:51Z state=active next=2026-06-22T10:28:51Z
2026-06-22T10:39:48Z state=active next=2026-06-22T12:39:48Z
2026-06-22T12:49:03Z state=active next=2026-06-22T14:49:03Z
2026-06-22T14:57:19Z state=active next=2026-06-22T16:57:19Z
2026-06-22T17:05:35Z state=active next=2026-06-22T19:05:35Z
